1 - Create Tour Directory.rsc
2 - Model Steps.rsc

RunSetUp\\TCMenu
RunSetUp\\MasterDBox_laptop
RunSetUp\\InitializeArgs
RunSetUp\\showargs
RunSetUp\\ChooseAB
RunSetUp\\ChooseABC
RunSetUp\\AssnonExistingTripTables_laptop

RunSetUp\\GetFieldCore	
RunSetUp\\Matrix_template
RunSetUp\\RunJob
RunSetUp\\RunJob_Tour
RunSetUp\\Select_PartialRun
RunSetUp\\Select_PartialRun_Tour_laptop
RunSetUp\\DidItRun

Highway\\Build_Networks
Highway\\Fill_prj_year
Highway\\Build_HwyNet
Highway\\Area_Type2
Highway\\CapSpd
Highway\\ped_drive_den_update
Highway\\HwySkim_Free
Highway\\HwySkim_Peak
Highway\\Terminal_Intrazonal_TT
Highway\\ExtStaforTripGen
Highway\\Trip_Generation
Highway\\Aggregate_TripGen
Highway\\EE_Trips

Highway\\HHMET
Highway\\Tour_XX
Highway\\Tour_Frequency
Highway\\Tour_TF_CountySummaryStats
Highway\\Tour_Accessibility
Highway\\Tour_DestinationChoice
Highway\\Tour_IS
Highway\\Tour_IS_Location
Highway\\Tour_TruckTGTD
Highway\\Tour_ToD1
Highway\\Tour_TripAccumulator
Highway\\Tour_TOD2_AMPeak
Highway\\Tour_TOD2_PMPeak
Highway\\Tour_TOD2_Midday
Highway\\Tour_TOD2_Night
Highway\\Tour_DC_FB
Highway\\Tour_IS_FB
Highway\\Tour_IS_Location_FB
Highway\\Tour_ToD1_FB
Highway\\Tour_TripAccumulator_FB

Highway\\TDHBW1
Highway\\TDHBW2
Highway\\TDHBW3
Highway\\TDHBW4
Highway\\TDHBO1
Highway\\TDHBO2
Highway\\TDHBO3
Highway\\TDHBO4
Highway\\TDHBS1
Highway\\TDHBS2
Highway\\TDHBS3
Highway\\TDHBS4
Highway\\TDSCH
Highway\\TDHBU
Highway\\TDJTW
Highway\\TDATW
Highway\\TDNWK
Highway\\TDCOM
Highway\\TDMTK
Highway\\TDHTK
Highway\\TDEIW
Highway\\TDEIN
Highway\\TDEIC
Highway\\TDEIM
Highway\\TDEIH
Highway\\TDIEW
Highway\\TDIEN
Highway\\TDIEC
Highway\\TDIEM
Highway\\TDIEH
Highway\\TOD1_HBW_Peak
Highway\\TOD1_HBW_OffPeak
Highway\\TOD1_HBO_Peak
Highway\\TOD1_HBO_OffPeak
Highway\\TOD1_NHB_Peak
Highway\\TOD1_NHB_OffPeak
Highway\\TOD1_HBU_Peak
Highway\\TOD1_HBU_OffPeak
Highway\\TOD2_COM_MTK_HTK
Highway\\TOD2_AMPeak
Highway\\TOD2_PMPeak
Highway\\TOD2_Midday
Highway\\TOD2_Night
Highway\\HwyAssn_RunAMPeak
Highway\\HwyAssn_RunPMPeak
Highway\\HwyAssn_RunMidday
Highway\\HwyAssn_RunNight
Highway\\HwyAssn_MMA_TCv7
Highway\\Feedback_TravelTime
Highway\\HwyAssn_RunTotAssn
Highway\\TotAssn
Highway\\HwyAssn_RunHOTAMPeak
Highway\\HwyAssn_RunHOTPMPeak
Highway\\HwyAssn_RunHOTMidday
Highway\\HwyAssn_RunHOTNight
Highway\\HwyAssn_HOT_TCv7
Highway\\HwyAssn_RunHOTTotAssn


Transit\\RouteSystemSetUp
Transit\\FillParkCost
Transit\\Prepare_Transit_Files
Transit\\AutoSkims_Free
Transit\\AutoSkims_Peak
Transit\\Reg_NonMotorized
Transit\\Reg_PPrmW
Transit\\Reg_PPrmD
Transit\\Reg_PPrmDrop
Transit\\Reg_PBusW
Transit\\Reg_PBusD
Transit\\Reg_PBusDrop
Transit\\Reg_OPPrmW
Transit\\Reg_OPPrmD
Transit\\Reg_OPPrmDrop
Transit\\Reg_OPBusW
Transit\\Reg_OPBusD
Transit\\Reg_OPBusDrop
Transit\\XPR_StopFlags
Transit\\create_tnet
Transit\\set_tnet
Transit\\Compute_OP_Matrix
Transit\\Update_Drive_Skims_Mtx
Transit\\Update_DropOff_Skims_Mtx
Transit\\TD_TranPath_Free
Transit\\TD_TranPath_Peak
Transit\\MS_RunPeak
Transit\\MS_RunOffPeak
Transit\\MS_HBWPeak
Transit\\MS_HBWOffPeak
Transit\\MS_HBOPeak
Transit\\MS_HBOOffPeak
Transit\\MS_NHBPeak
Transit\\MS_NHBOffPeak
Transit\\MS_HBUPeak
Transit\\MS_HBUOffPeak
Transit\\Transit_Input
Transit\\Market_Segment
Transit\\PPrmW_Assign
Transit\\PPrmD_Assign
Transit\\PPrmDrop_Assign
Transit\\PBusW_Assign
Transit\\PBusD_Assign
Transit\\PBusDrop_Assign
Transit\\OPPrmW_Assign
Transit\\OPPrmD_Assign
Transit\\OPPrmDrop_Assign
Transit\\OPBusW_Assign
Transit\\OPBusD_Assign
Transit\\OPBusDrop_Assign
Transit\\Transit_Pax_Stats
Transit\\Transit_Operations_Stats
\\Transit\\Transit_Boardings
Transit\\Transit_RunStats

Utilities\\MRMUtilities
Utilities\\AreaType_TAZNeighbors
Utilities\\checkLU
Utilities\\TDMatrixStats
Utilities\\MSMatrixStats
Utilities\\ODMatrixStats
Utilities\\VMTAQ
Utilities\\AvgTripLenTrips
Utilities\\AvgTripLenTrips_tour
Utilities\\Tour_RunStats
Utilities\\HighwayCalibrationStats
Utilities\\HighwayCalibrationStats_tour_AHG
